Traceback (most recent call last):
  File "/home/oye/Documents/free_work/urdu-reading-course/.audit/improve/d_logic/verify_r1/t2b.py", line 30, in <module>
    R['h1']=pg.inner_text('h1')[:60]
            ^^^^^^^^^^^^^^^^^^^
  File "/home/oye/.local/lib/python3.12/site-packages/playwright/sync_api/_generated.py", line 11960, in inner_text
    self._sync(
  File "/home/oye/.local/lib/python3.12/site-packages/playwright/_impl/_sync_base.py", line 115, in _sync
    return task.result()
           ^^^^^^^^^^^^^
  File "/home/oye/.local/lib/python3.12/site-packages/playwright/_impl/_page.py", line 1018, in inner_text
    return await self._main_frame.inner_text(**locals_to_params(locals()))
           ^^^^^^^^^^^^^^^^^^^^^^^^^^^^^^^^^^^^^^^^^^^^^^^^^^^^^^^^^^^^^^^
  File "/home/oye/.local/lib/python3.12/site-packages/playwright/_impl/_frame.py", line 743, in inner_text
    return await self._channel.send(
           ^^^^^^^^^^^^^^^^^^^^^^^^^
  File "/home/oye/.local/lib/python3.12/site-packages/playwright/_impl/_connection.py", line 76, in send
    return await self._connection.wrap_api_call(
           ^^^^^^^^^^^^^^^^^^^^^^^^^^^^^^^^^^^^^
  File "/home/oye/.local/lib/python3.12/site-packages/playwright/_impl/_connection.py", line 632, in wrap_api_call
    raise rewrite_error(error, f"{parsed_st['apiName']}: {error}") from None
playwright._impl._errors.TimeoutError: Page.inner_text: Timeout 30000ms exceeded.
Call log:
  - waiting for locator("h1")

