ب isolated []
ب initial [('wobbly6', False), ('bad_reversed', True), ('bad_left_start', True)]
ب medial []
ب final []
پ isolated [('good', False), ('good_smooth', False), ('shaky1.5', False), ('shaky3', False), ('wobbly6', False), ('lift1', False), ('lift2', False), ('start_off20', False), ('overshoot15', False)]
پ initial [('good', False), ('good_smooth', False), ('shaky1.5', False), ('shaky3', False), ('wobbly6', False), ('lift1', False), ('lift2', False), ('start_off20', False), ('overshoot15', False)]
پ medial [('good', False), ('good_smooth', False), ('shaky1.5', False), ('shaky3', False), ('wobbly6', False), ('lift1', False), ('lift2', False), ('start_off20', False), ('overshoot15', False)]
پ final [('wobbly6', False)]
ک isolated []
ک initial []
ک medial [('bad_reversed', True)]
ک final []
ل isolated []
ل initial []
ل medial [('shaky3', False), ('bad_left_start', True)]
ل final [('shaky3', False), ('lift2', False), ('bad_reversed', True)]
م isolated [('bad_reversed', True)]
م initial [('lift2', False), ('bad_reversed', True)]
م medial [('lift2', False)]
م final []
و isolated [('bad_reversed', True), ('bad_left_start', True)]
و final [('lift2', False), ('bad_reversed', True)]
ہ isolated [('bad_reversed', True), ('bad_left_start', True)]
ہ initial [('wobbly6', False), ('bad_reversed', True), ('bad_dots_first', True), ('bad_left_start', True)]
ہ medial []
ہ final []
س isolated [('shaky3', False), ('lift2', False), ('bad_reversed', True)]
س initial [('bad_reversed', True)]
س medial [('lift2', False), ('bad_reversed', True)]
س final [('shaky3', False), ('lift2', False)]
ج isolated [('bad_left_start', True)]
ج initial [('bad_reversed', True)]
ج medial [('bad_reversed', True)]
ج final [('bad_left_start', True)]
ف isolated [('lift2', False)]
ف initial [('lift2', False)]
ف medial [('bad_reversed', True)]
ف final [('lift2', False)]
ط isolated [('lift2', False), ('bad_left_start', True)]
ط initial [('lift2', False), ('bad_reversed', True), ('bad_left_start', True)]
ط medial [('lift2', False), ('bad_reversed', True)]
ط final [('bad_reversed', True)]
