ا isolated []
د isolated []
ر isolated []
ڈ isolated [('good', False), ('shaky1.5', False), ('wander5', False), ('wander9', False)]
ڑ isolated [('good', False), ('shaky1.5', False), ('wander5', False), ('wander9', False)]
ز isolated []
ژ isolated [('good', False), ('shaky1.5', False), ('wander5', False), ('wander9', False)]
ذ isolated [('wander9', False)]
ب isolated []
پ isolated [('good', False), ('shaky1.5', False), ('wander5', False), ('wander9', False)]
ک isolated []
ل isolated []
م isolated []
و isolated []
ہ isolated []
س isolated []
ج isolated []
ف isolated []
ط isolated []
گ isolated []
ں isolated []
ھ isolated []
ن isolated []
ت isolated [('wander5', False), ('wander9', False)]
ش isolated []
چ isolated []
خ isolated []
ق isolated [('good', False), ('shaky1.5', False), ('wander5', False), ('wander9', False)]
غ isolated []
ع isolated []
ح isolated []
ص isolated [('good', False), ('shaky1.5', False), ('wander5', False), ('wander9', False)]
ض isolated [('good', False), ('shaky1.5', False), ('wander5', False), ('wander9', False)]
ظ isolated []
ٹ isolated [('good', False), ('shaky1.5', False), ('wander5', False), ('wander9', False)]
ث isolated [('good', False), ('shaky1.5', False), ('wander5', False), ('wander9', False)]
ئ isolated []
ی isolated []
ے isolated []
