ا isolated []
د isolated []
ر isolated []
ڈ isolated [('multi_good', False), ('multi_wander5', False), ('multi_wander9', False), ('multi_shaky1.5', False), ('multi_shaky3', False), ('multi_lift2', False)]
ڑ isolated [('multi_good', False), ('multi_wander9', False), ('multi_shaky1.5', False), ('multi_lift2', False)]
ز isolated [('multi_lift2', False)]
ژ isolated [('multi_lift2', False)]
ذ isolated [('multi_lift2', False)]
ب isolated []
پ isolated []
ک isolated []
ل isolated []
م isolated []
و isolated [('multi_lift2', False)]
ہ isolated [('multi_lift2', False)]
س isolated [('multi_lift2', False)]
ج isolated []
ف isolated [('multi_lift2', False)]
ط isolated [('multi_lift2', False)]
گ isolated []
ں isolated []
ھ isolated [('multi_lift2', False)]
ن isolated []
ت isolated []
ش isolated [('multi_shaky3', False), ('multi_lift2', False)]
چ isolated []
خ isolated []
ق isolated [('multi_lift2', False)]
غ isolated []
ع isolated []
ح isolated []
ص isolated []
ض isolated [('multi_lift2', False)]
ظ isolated [('multi_lift2', False)]
ٹ isolated []
ث isolated []
ئ isolated []
ی isolated []
ے isolated []
