ب isolated []
ب initial [('bad_reversed', True)]
ب medial []
ب final []
پ isolated []
پ initial []
پ medial []
پ final []
ک isolated []
ک initial []
ک medial [('bad_reversed', True)]
ک final []
ل isolated []
ل initial []
ل medial []
ل final [('bad_reversed', True)]
م isolated [('bad_reversed', True)]
م initial [('bad_reversed', True)]
م medial []
م final []
و isolated [('bad_reversed', True)]
و final [('bad_reversed', True)]
ہ isolated [('bad_reversed', True)]
ہ initial [('bad_reversed', True)]
ہ medial []
ہ final []
س isolated [('bad_reversed', True)]
س initial [('bad_reversed', True)]
س medial [('bad_reversed', True)]
س final []
ج isolated []
ج initial [('bad_reversed', True)]
ج medial [('bad_reversed', True)]
ج final []
ف isolated []
ف initial []
ف medial [('bad_reversed', True)]
ف final []
ط isolated []
ط initial []
ط medial []
ط final [('bad_reversed', True)]
