ا isolated []
د isolated [('bad_reversed', True)]
ر isolated [('single_lift2', False), ('bad_reversed', True)]
ڈ isolated [('single_good', False), ('single_wander5', False), ('single_lift2', False), ('multi_good', False)]
ڑ isolated [('single_lift2', False), ('multi_good', False)]
ز isolated [('single_lift2', False), ('bad_reversed', True)]
ژ isolated [('single_good', False), ('single_wander5', False), ('single_lift2', False), ('multi_good', False)]
ذ isolated []
ب isolated [('bad_reversed', True)]
پ isolated [('single_good', False), ('single_wander5', False), ('single_lift2', False), ('multi_good', False)]
ک isolated [('bad_reversed', True)]
ل isolated [('bad_reversed', True)]
م isolated [('bad_reversed', True)]
و isolated [('single_good', False), ('single_wander5', False)]
ہ isolated [('bad_reversed', True)]
س isolated [('single_good', False), ('single_wander5', False)]
ج isolated [('single_good', False), ('single_wander5', False)]
ف isolated [('single_good', False), ('single_wander5', False)]
ط isolated [('single_good', False), ('single_wander5', False)]
گ isolated [('bad_reversed', True)]
ں isolated [('bad_reversed', True)]
ھ isolated [('single_good', False), ('single_wander5', False)]
ن isolated [('bad_reversed', True)]
ت isolated [('bad_reversed', True)]
ش isolated [('single_good', False), ('single_wander5', False)]
چ isolated [('single_good', False), ('single_wander5', False)]
خ isolated [('single_good', False), ('single_wander5', False)]
ق isolated [('single_good', False), ('single_wander5', False)]
غ isolated [('single_good', False), ('single_wander5', False)]
ع isolated [('single_good', False), ('single_wander5', False)]
ح isolated [('single_good', False), ('single_wander5', False)]
ص isolated [('single_good', False), ('single_wander5', False)]
ض isolated [('single_good', False), ('single_wander5', False)]
ظ isolated [('single_good', False), ('single_wander5', False)]
ٹ isolated []
ث isolated [('single_good', False), ('single_wander5', False), ('single_lift2', False), ('multi_good', False)]
ئ isolated [('single_good', False), ('single_wander5', False)]
ی isolated [('single_good', False), ('single_wander5', False)]
ے isolated [('bad_reversed', True)]
