ok_min                 toast='Restored 1 record.' counts={'profiles': 1, 'settings': 5} mode=personal pin=None active=p1 dev=mus903 onb=True poll {'a': None, 'b': None, 'c': None} xss 0 errs [] screen: Good afternoon, Amal | Unit 0 · Before the
      profile {'id': 'p1', 'name': 'Amal', 'kind': 'learner', 'updatedAt': '100'}
legacy_noformat        toast='Restored 1 record.' counts={'profiles': 1, 'settings': 5} mode=personal pin=None active=p1 dev=mus907 onb=True poll {'a': None, 'b': None, 'c': None} xss 0 errs [] screen: Good afternoon, Amal | Unit 0 · Before the
      profile {'id': 'p1', 'name': 'Amal', 'kind': 'learner', 'updatedAt': '100'}
legacy_noexported      toast='This file is not a Urdu Qaida backup.' counts={'settings': 1} mode=None pin=None active=None dev=mus90b onb=False poll {'a': None, 'b': None, 'c': None} xss 0 errs [] screen: اردو پڑھنا سیکھیں | Read Urdu in ten minut
wrong_format           toast='This file is not a Urdu Qaida backup (wrong format marker).' counts={'settings': 1} mode=None pin=None active=None dev=mus90f onb=False poll {'a': None, 'b': None, 'c': None} xss 0 errs [] screen: اردو پڑھنا سیکھیں | Read Urdu in ten minut
future_version         toast='This backup was made by a newer version of the app. Update the app and try again.' counts={'settings': 1} mode=None pin=None active=None dev=mus90j onb=False poll {'a': None, 'b': None, 'c': None} xss 0 errs [] screen: اردو پڑھنا سیکھیں | Read Urdu in ten minut
version_str            toast='This backup was made by a newer version of the app. Update the app and try again.' counts={'settings': 1} mode=None pin=None active=None dev=mus90n onb=False poll {'a': None, 'b': None, 'c': None} xss 0 errs [] screen: اردو پڑھنا سیکھیں | Read Urdu in ten minut
array_top              toast='This file is not a Urdu Qaida backup (it does not hold a data object).' counts={'settings': 1} mode=None pin=None active=None dev=mus90r onb=False poll {'a': None, 'b': None, 'c': None} xss 0 errs [] screen: اردو پڑھنا سیکھیں | Read Urdu in ten minut
null_top               toast='This file is not a Urdu Qaida backup (it does not hold a data object).' counts={'settings': 1} mode=None pin=None active=None dev=mus90v onb=False poll {'a': None, 'b': None, 'c': None} xss 0 errs [] screen: اردو پڑھنا سیکھیں | Read Urdu in ten minut
proto_top              toast='Restored 1 record.' counts={'profiles': 1, 'settings': 5} mode=personal pin=None active=p1 dev=mus90z onb=True poll {'a': None, 'b': None, 'c': None} xss 0 errs [] screen: Good afternoon, A | Unit 0 · Before the le
      profile {'id': 'p1', 'name': 'A', 'kind': 'learner', 'updatedAt': '0'}
proto_ids              toast='Restored 7 records.' counts={'attempts': 1, 'cards': 1, 'profiles': 3, 'progress': 2, 'settings': 3} mode=family pin=None active=None dev=mus913 onb=True poll {'a': None, 'b': None, 'c': None} xss 0 errs [] screen: Who is learning? | Tap a name, or add one | 
      profile {'id': '__proto__', 'name': 'Proto', 'kind': 'learner', 'updatedAt': '100'}
      profile {'id': 'constructor', 'name': 'Ctor', 'kind': 'learner', 'updatedAt': '100'}
      profile {'id': 'toString', 'name': 'TS', 'kind': 'learner', 'updatedAt': '100'}
hostile_strings        toast='Restored 5 records.' counts={'assessments': 1, 'cards': 1, 'profiles': 1, 'settings': 6} mode=personal pin=None active=p1 dev=mus917 onb=True poll {'a': None, 'b': None, 'c': None} xss 0 errs [] screen: Good afternoon, img src=x onerror=window
      profile {'id': 'p1', 'name': 'img src=x onerror=window.__xss=1', 'kind': 'learner', 'updatedAt': '100'}
settings_attack        toast='Restored 1 record.' counts={'profiles': 1, 'settings': 5} mode=personal pin=None active=p1 dev=mus91b onb=True poll {'a': None, 'b': None, 'c': None} xss 0 errs [] screen: Good afternoon, Amal | Unit 0 · Before the
      profile {'id': 'p1', 'name': 'Amal', 'kind': 'learner', 'updatedAt': '100'}
profile_kind_teacher   toast='Restored 1 record.' counts={'profiles': 1, 'settings': 5} mode=personal pin=None active=t1 dev=mus91f onb=True poll {'a': None, 'b': None, 'c': None} xss 0 errs [] screen: Good afternoon, Teach | Unit 0 · Before th
      profile {'id': 't1', 'name': 'Teach', 'updatedAt': '100', 'kind': 'learner'}
dup_ids                toast='Restored 1 record.' counts={'profiles': 1, 'settings': 5} mode=personal pin=None active=p1 dev=mus91j onb=True poll {'a': None, 'b': None, 'c': None} xss 0 errs [] screen: Good afternoon, First | Unit 0 · Before th
      profile {'id': 'p1', 'name': 'First', 'kind': 'learner', 'updatedAt': '100'}
bad_rec_type           toast='The backup is damaged: profiles entry 2 is not a record.' counts={'settings': 1} mode=None pin=None active=None dev=mus91n onb=False poll {'a': None, 'b': None, 'c': None} xss 0 errs [] screen: اردو پڑھنا سیکھیں | Read Urdu in ten minut
missing_name           toast='The backup is damaged: profiles entry 1 is missing "name".' counts={'settings': 1} mode=None pin=None active=None dev=mus91r onb=False poll {'a': None, 'b': None, 'c': None} xss 0 errs [] screen: اردو پڑھنا سیکھیں | Read Urdu in ten minut
name_number            toast='The backup is damaged: profiles entry 1 has an invalid "name".' counts={'settings': 1} mode=None pin=None active=None dev=mus91u onb=False poll {'a': None, 'b': None, 'c': None} xss 0 errs [] screen: اردو پڑھنا سیکھیں | Read Urdu in ten minut
store_not_list         toast='The backup is damaged: "profiles" should be a list.' counts={'settings': 1} mode=None pin=None active=None dev=mus91y onb=False poll {'a': None, 'b': None, 'c': None} xss 0 errs [] screen: اردو پڑھنا سیکھیں | Read Urdu in ten minut
id_bad_chars           toast='The backup is damaged: profiles entry 1 has an invalid "id".' counts={'settings': 1} mode=None pin=None active=None dev=mus922 onb=False poll {'a': None, 'b': None, 'c': None} xss 0 errs [] screen: اردو پڑھنا سیکھیں | Read Urdu in ten minut
id_huge                toast='The backup is damaged: profiles entry 1 has an invalid "id".' counts={'settings': 1} mode=None pin=None active=None dev=mus926 onb=False poll {'a': None, 'b': None, 'c': None} xss 0 errs [] screen: اردو پڑھنا سیکھیں | Read Urdu in ten minut
too_many_profiles      toast='The backup is too large: 201 profiles (the most this app accepts is 200).' counts={'settings': 1} mode=None pin=None active=None dev=mus92a onb=False poll {'a': None, 'b': None, 'c': None} xss 0 errs [] screen: اردو پڑھنا سیکھیں | Read Urdu in ten minut
too_many_attempts      toast='' counts={'attempts': 60001, 'profiles': 1, 'settings': 3} mode=personal pin=None active=None dev=mus92f onb=True poll {'a': None, 'b': None, 'c': None} xss 0 errs [] screen: Good afternoon, Amal | Unit 0 · Before the
      profile {'id': 'p1', 'name': 'Amal', 'kind': 'learner', 'updatedAt': '100'}
name_300               toast='Restored 1 record.' counts={'profiles': 1, 'settings': 5} mode=personal pin=None active=p1 dev=mus95j onb=True poll {'a': None, 'b': None, 'c': None} xss 0 errs [] screen: Good afternoon, NNNNNNNNNNNNNNNNNNNNNNNN
      profile {'id': 'p1', 'name': 'NNNNNNNNNNNNNNNNNNNNNNNNNNNNNNNNNNNNNNNN', 'kind': 'learner', 'updatedAt': '100'}
future_updatedAt       toast='Restored 1 record.' counts={'profiles': 1, 'settings': 5} mode=personal pin=None active=p1 dev=mus95n onb=True poll {'a': None, 'b': None, 'c': None} xss 0 errs [] screen: Good afternoon, Future | Unit 0 · Before t
      profile {'id': 'p1', 'name': 'Future', 'kind': 'learner', 'updatedAt': '0'}
unit_passed_all        toast='Restored 2 records.' counts={'cards': 657, 'profiles': 1, 'progress': 1, 'settings': 4} mode=personal pin=None active=p1 dev=mus95r onb=True poll {'a': None, 'b': None, 'c': None} xss 0 errs [] screen: اردو پڑھنا سیکھیں | Read Urdu in ten minut
      profile {'id': 'p1', 'name': 'Amal', 'kind': 'learner', 'updatedAt': '100'}
cards_locked_unit      toast='Restored 2 records.' counts={'cards': 1, 'profiles': 1, 'settings': 5} mode=personal pin=None active=p1 dev=mus95v onb=True poll {'a': None, 'b': None, 'c': None} xss 0 errs [] screen: Good afternoon, Amal | Unit 0 · Before the
      profile {'id': 'p1', 'name': 'Amal', 'kind': 'learner', 'updatedAt': '100'}
numbers_hostile        toast='The backup is damaged: attempts entry 1 has an invalid "ts".' counts={'settings': 1} mode=None pin=None active=None dev=mus95z onb=False poll {'a': None, 'b': None, 'c': None} xss 0 errs [] screen: اردو پڑھنا سیکھیں | Read Urdu in ten minut
deep_json              toast='This file is not a Urdu Qaida backup (it does not hold a data object).' counts={'settings': 1} mode=None pin=None active=None dev=mus963 onb=False poll {'a': None, 'b': None, 'c': None} xss 0 errs [] screen: اردو پڑھنا سیکھیں | Read Urdu in ten minut
empty_obj              toast='This file is not a Urdu Qaida backup.' counts={'settings': 1} mode=None pin=None active=None dev=mus967 onb=False poll {'a': None, 'b': None, 'c': None} xss 0 errs [] screen: اردو پڑھنا سیکھیں | Read Urdu in ten minut
not_json               toast='This file is not a backup: it is not valid JSON.' counts={'settings': 1} mode=None pin=None active=None dev=mus96c onb=False poll {'a': None, 'b': None, 'c': None} xss 0 errs [] screen: اردو پڑھنا سیکھیں | Read Urdu in ten minut
