home: Class | Tap your name to start | C | Child | child · grade 2 | Teacher
after change device type: Class | Tap your name to start | C | Child | child · grade 2 | Teacher
Traceback (most recent call last):
  File "/home/oye/Documents/free_work/urdu-reading-course/.audit/improve/a_robust/verifier_r2/w1_pin.py", line 9, in <module>
    pg.evaluate("[...document.querySelectorAll('button')].find(b=>/My class/.test(b.innerText)).click()"); pg.wait_for_timeout(800)
    ^^^^^^^^^^^^^^^^^^^^^^^^^^^^^^^^^^^^^^^^^^^^^^^^^^^^^^^^^^^^^^^^^^^^^^^^^^^^^^^^^^^^^^^^^^^^^^^^^^^^^
  File "/home/oye/.local/lib/python3.12/site-packages/playwright/sync_api/_generated.py", line 9385, in evaluate
    self._sync(
  File "/home/oye/.local/lib/python3.12/site-packages/playwright/_impl/_sync_base.py", line 115, in _sync
    return task.result()
           ^^^^^^^^^^^^^
  File "/home/oye/.local/lib/python3.12/site-packages/playwright/_impl/_page.py", line 472, in evaluate
    return await self._main_frame.evaluate(expression, arg)
           ^^^^^^^^^^^^^^^^^^^^^^^^^^^^^^^^^^^^^^^^^^^^^^^^
  File "/home/oye/.local/lib/python3.12/site-packages/playwright/_impl/_frame.py", line 345, in evaluate
    await self._channel.send(
  File "/home/oye/.local/lib/python3.12/site-packages/playwright/_impl/_connection.py", line 76, in send
    return await self._connection.wrap_api_call(
           ^^^^^^^^^^^^^^^^^^^^^^^^^^^^^^^^^^^^^
  File "/home/oye/.local/lib/python3.12/site-packages/playwright/_impl/_connection.py", line 632, in wrap_api_call
    raise rewrite_error(error, f"{parsed_st['apiName']}: {error}") from None
playwright._impl._errors.Error: Page.evaluate: TypeError: Cannot read properties of undefined (reading 'click')
    at eval (eval at evaluate (:311:30), <anonymous>:1:79)
    at eval (<anonymous>)
    at UtilityScript.evaluate (<anonymous>:311:30)
    at UtilityScript.<anonymous> (<anonymous>:1:44)
