39 letters
ک isolated 0 bad
ک initial 0 bad
ک medial 1 bad
ک final 0 bad
ن isolated 0 bad
ن initial 7 bad
ن medial 9 bad
ن final 1 bad
و isolated 9 bad
و final 9 bad
ہ isolated 0 bad
ہ initial 5 bad
ہ medial 0 bad
ہ final 6 bad
س isolated 0 bad
س initial 0 bad
س medial 0 bad
س final 0 bad
ش isolated 0 bad
ش initial 1 bad
ش medial 2 bad
ش final 0 bad
ج isolated 0 bad
ج initial 0 bad
ج medial 0 bad
ج final 0 bad
چ isolated 0 bad
چ initial 0 bad
چ medial 0 bad
چ final 1 bad
گ isolated 0 bad
گ initial 0 bad
گ medial 0 bad
گ final 0 bad
ھ isolated 1 bad
ھ initial 1 bad
ھ medial 1 bad
ھ final 1 bad
ڈ isolated 9 bad
ڈ final 7 bad
ڑ isolated 9 bad
ڑ final 0 bad
errors []
TOTAL 372 BAD 80
