39 letters
ک isolated 0 bad
ک initial 0 bad
ک medial 0 bad
ک final 0 bad
ن isolated 1 bad
ن initial 0 bad
ن medial 0 bad
ن final 0 bad
و isolated 1 bad
و final 1 bad
ہ isolated 0 bad
ہ initial 1 bad
ہ medial 0 bad
ہ final 0 bad
س isolated 0 bad
س initial 0 bad
س medial 1 bad
س final 1 bad
ش isolated 0 bad
ش initial 0 bad
ش medial 1 bad
ش final 1 bad
ج isolated 0 bad
ج initial 0 bad
ج medial 0 bad
ج final 0 bad
چ isolated 0 bad
چ initial 0 bad
چ medial 0 bad
چ final 0 bad
گ isolated 0 bad
گ initial 0 bad
گ medial 0 bad
گ final 0 bad
ھ isolated 1 bad
ھ initial 1 bad
ھ medial 2 bad
ھ final 2 bad
ڈ isolated 3 bad
ڈ final 8 bad
ڑ isolated 2 bad
ڑ final 0 bad
errors []
TOTAL 378 BAD 27
