39 letters
ژ isolated 0 bad
ژ final 0 bad
ف isolated 1 bad
ف initial 1 bad
ف medial 1 bad
ف final 1 bad
ق isolated 1 bad
ق initial 1 bad
ق medial 1 bad
ق final 1 bad
خ isolated 0 bad
خ initial 0 bad
خ medial 0 bad
خ final 1 bad
غ isolated 0 bad
غ initial 0 bad
غ medial 1 bad
غ final 1 bad
ع isolated 0 bad
ع initial 0 bad
ع medial 1 bad
ع final 1 bad
ح isolated 0 bad
ح initial 0 bad
ح medial 0 bad
ح final 0 bad
ص isolated 0 bad
ص initial 0 bad
ص medial 1 bad
ص final 0 bad
ض isolated 0 bad
ض initial 1 bad
ض medial 0 bad
ض final 0 bad
ط isolated 1 bad
ط initial 1 bad
ط medial 1 bad
ط final 1 bad
ظ isolated 1 bad
ظ initial 1 bad
ظ medial 1 bad
ظ final 1 bad
ذ isolated 0 bad
ذ final 1 bad
errors []
TOTAL 396 BAD 24
