39 letters
ژ isolated 9 bad
ژ final 0 bad
ف isolated 9 bad
ف initial 9 bad
ف medial 1 bad
ف final 0 bad
ق isolated 9 bad
ق initial 9 bad
ق medial 2 bad
ق final 9 bad
خ isolated 0 bad
خ initial 0 bad
خ medial 1 bad
خ final 0 bad
غ isolated 0 bad
غ initial 3 bad
غ medial 8 bad
غ final 8 bad
ع isolated 0 bad
ع initial 0 bad
ع medial 7 bad
ع final 0 bad
ح isolated 0 bad
ح initial 0 bad
ح medial 0 bad
ح final 0 bad
ص isolated 0 bad
ص initial 0 bad
ص medial 0 bad
ص final 0 bad
ض isolated 0 bad
ض initial 0 bad
ض medial 0 bad
ض final 0 bad
ط isolated 0 bad
ط initial 0 bad
ط medial 0 bad
ط final 0 bad
ظ isolated 0 bad
ظ initial 0 bad
ظ medial 0 bad
ظ final 0 bad
ذ isolated 8 bad
ذ final 8 bad
ئ isolated 0 bad
ئ initial 0 bad
ئ medial 0 bad
ئ final 0 bad
errors []
TOTAL 430 BAD 100
