39 letters
ر isolated 0 bad
ر final 0 bad
د isolated 0 bad
د final 2 bad
ہ isolated 0 bad
ہ initial 5 bad
ہ medial 0 bad
ہ final 6 bad
س isolated 0 bad
س initial 0 bad
س medial 0 bad
س final 0 bad
ش isolated 0 bad
ش initial 0 bad
ش medial 0 bad
ش final 0 bad
ج isolated 0 bad
ج initial 0 bad
ج medial 1 bad
ج final 0 bad
چ isolated 0 bad
چ initial 0 bad
چ medial 0 bad
چ final 1 bad
گ isolated 1 bad
گ initial 9 bad
گ medial 9 bad
گ final 9 bad
ں isolated 0 bad
ں final 0 bad
ھ isolated 0 bad
ھ initial 0 bad
ھ medial 0 bad
ھ final 0 bad
ڈ isolated 9 bad
ڈ final 8 bad
ڑ isolated 9 bad
ڑ final 0 bad
ز isolated 0 bad
ز final 0 bad
errors ['The radius provided (-1.12972) is negative.']
TOTAL 356 BAD 69
