39 letters
ر isolated 0 bad
ر final 0 bad
د isolated 0 bad
د final 0 bad
ہ isolated 0 bad
ہ initial 1 bad
ہ medial 0 bad
ہ final 0 bad
س isolated 6 bad
س initial 0 bad
س medial 0 bad
س final 7 bad
ش isolated 6 bad
ش initial 0 bad
ش medial 0 bad
ش final 7 bad
ج isolated 0 bad
ج initial 0 bad
ج medial 0 bad
ج final 7 bad
چ isolated 0 bad
چ initial 0 bad
چ medial 0 bad
چ final 7 bad
گ isolated 0 bad
گ initial 0 bad
گ medial 0 bad
گ final 0 bad
ں isolated 0 bad
ں final 0 bad
ھ isolated 0 bad
ھ initial 0 bad
ھ medial 1 bad
ھ final 0 bad
ڈ isolated 3 bad
ڈ final 8 bad
ڑ isolated 2 bad
ڑ final 0 bad
ز isolated 0 bad
ز final 0 bad
errors ['The radius provided (-0.223617) is negative.']
TOTAL 360 BAD 55
