39 letters
ا isolated 1 bad
ا final 1 bad
ب isolated 8 bad
ب initial 7 bad
ب medial 8 bad
ب final 3 bad
ک isolated 1 bad
ک initial 9 bad
ک medial 9 bad
ک final 9 bad
ل isolated 1 bad
ل initial 0 bad
ل medial 1 bad
ل final 1 bad
م isolated 0 bad
م initial 0 bad
م medial 2 bad
م final 0 bad
ن isolated 0 bad
ن initial 7 bad
ن medial 8 bad
ن final 0 bad
ت isolated 8 bad
ت initial 6 bad
ت medial 9 bad
ت final 6 bad
ی isolated 0 bad
ی initial 6 bad
ی medial 9 bad
ی final 0 bad
ے isolated 0 bad
ے final 1 bad
پ isolated 0 bad
پ initial 2 bad
پ medial 1 bad
پ final 0 bad
ٹ isolated 0 bad
ٹ initial 0 bad
ٹ medial 0 bad
ٹ final 0 bad
ث isolated 9 bad
ث initial 7 bad
ث medial 9 bad
ث final 8 bad
و isolated 9 bad
و final 9 bad
errors ['The radius provided (-1.91258) is negative.', 'The radius provided (-1.8844) is negative.', 'The radius provided (-26.5698) is negative.']
TOTAL 400 BAD 175
