39 letters
ا isolated 0 bad
ا final 0 bad
ب isolated 0 bad
ب initial 0 bad
ب medial 0 bad
ب final 0 bad
ک isolated 0 bad
ک initial 0 bad
ک medial 0 bad
ک final 0 bad
ل isolated 0 bad
ل initial 0 bad
ل medial 0 bad
ل final 0 bad
م isolated 0 bad
م initial 0 bad
م medial 0 bad
م final 0 bad
ن isolated 1 bad
ن initial 0 bad
ن medial 0 bad
ن final 0 bad
ت isolated 0 bad
ت initial 0 bad
ت medial 0 bad
ت final 0 bad
ی isolated 0 bad
ی initial 0 bad
ی medial 0 bad
ی final 0 bad
ے isolated 0 bad
ے final 0 bad
پ isolated 0 bad
پ initial 0 bad
پ medial 0 bad
پ final 0 bad
ٹ isolated 0 bad
ٹ initial 0 bad
ٹ medial 0 bad
ٹ final 0 bad
ث isolated 0 bad
ث initial 0 bad
ث medial 0 bad
ث final 0 bad
و isolated 0 bad
و final 0 bad
errors ['The radius provided (-2.99589) is negative.']
TOTAL 414 BAD 1
