39 letters
ژ isolated 0 bad
ژ final 0 bad
ف isolated 0 bad
ف initial 0 bad
ف medial 0 bad
ف final 0 bad
ق isolated 0 bad
ق initial 0 bad
ق medial 0 bad
ق final 0 bad
خ isolated 0 bad
خ initial 0 bad
خ medial 0 bad
خ final 7 bad
غ isolated 0 bad
غ initial 0 bad
غ medial 0 bad
غ final 6 bad
ع isolated 0 bad
ع initial 0 bad
ع medial 0 bad
ع final 0 bad
ح isolated 0 bad
ح initial 0 bad
ح medial 0 bad
ح final 7 bad
ص isolated 7 bad
ص initial 0 bad
ص medial 0 bad
ص final 7 bad
ض isolated 6 bad
ض initial 0 bad
ض medial 0 bad
ض final 7 bad
ط isolated 0 bad
ط initial 0 bad
ط medial 6 bad
ط final 6 bad
ظ isolated 0 bad
ظ initial 0 bad
ظ medial 6 bad
ظ final 7 bad
ذ isolated 0 bad
ذ final 0 bad
ئ isolated 0 bad
ئ initial 0 bad
ئ medial 0 bad
ئ final 0 bad
errors []
TOTAL 432 BAD 72
