39 letters
ا isolated falseRej 0 falseAcc 0
ا final falseRej 0 falseAcc 0
ب isolated falseRej 0 falseAcc 0
ب initial falseRej 0 falseAcc 0
ب medial falseRej 0 falseAcc 0
ب final falseRej 0 falseAcc 0
ک isolated falseRej 0 falseAcc 0
ک initial falseRej 0 falseAcc 0
ک medial falseRej 0 falseAcc 0
ک final falseRej 0 falseAcc 0
ل isolated falseRej 0 falseAcc 0
ل initial falseRej 0 falseAcc 0
ل medial falseRej 0 falseAcc 0
ل final falseRej 0 falseAcc 0
م isolated falseRej 0 falseAcc 0
م initial falseRej 0 falseAcc 0
م medial falseRej 0 falseAcc 0
م final falseRej 0 falseAcc 0
ن isolated falseRej 0 falseAcc 0
ن initial falseRej 0 falseAcc 0
ن medial falseRej 0 falseAcc 0
ن final falseRej 0 falseAcc 0
ت isolated falseRej 0 falseAcc 0
ت initial falseRej 0 falseAcc 0
ت medial falseRej 0 falseAcc 0
ت final falseRej 0 falseAcc 0
ی isolated falseRej 0 falseAcc 0
ی initial falseRej 0 falseAcc 0
ی medial falseRej 0 falseAcc 0
ی final falseRej 0 falseAcc 0
ے isolated falseRej 0 falseAcc 0
ے final falseRej 0 falseAcc 0
پ isolated falseRej 0 falseAcc 0
پ initial falseRej 0 falseAcc 0
پ medial falseRej 0 falseAcc 0
پ final falseRej 0 falseAcc 0
errors []
POS 144 falseRej 0 NEG 0 falseAcc 0
