39 letters
ٹ isolated falseRej 0 falseAcc 0
ٹ initial falseRej 0 falseAcc 0
ٹ medial falseRej 1 falseAcc 0
ٹ final falseRej 0 falseAcc 0
ث isolated falseRej 0 falseAcc 0
ث initial falseRej 0 falseAcc 0
ث medial falseRej 0 falseAcc 0
ث final falseRej 0 falseAcc 0
و isolated falseRej 0 falseAcc 0
و final falseRej 0 falseAcc 0
ر isolated falseRej 2 falseAcc 0
ر final falseRej 4 falseAcc 0
د isolated falseRej 0 falseAcc 0
د final falseRej 0 falseAcc 0
ہ isolated falseRej 0 falseAcc 0
ہ initial falseRej 1 falseAcc 0
ہ medial falseRej 0 falseAcc 0
ہ final falseRej 0 falseAcc 0
س isolated falseRej 0 falseAcc 0
س initial falseRej 0 falseAcc 0
س medial falseRej 0 falseAcc 0
س final falseRej 0 falseAcc 0
ش isolated falseRej 0 falseAcc 0
ش initial falseRej 0 falseAcc 0
ش medial falseRej 0 falseAcc 0
ش final falseRej 0 falseAcc 0
ج isolated falseRej 0 falseAcc 0
ج initial falseRej 0 falseAcc 0
ج medial falseRej 0 falseAcc 0
ج final falseRej 0 falseAcc 0
چ isolated falseRej 0 falseAcc 0
چ initial falseRej 0 falseAcc 0
چ medial falseRej 0 falseAcc 0
چ final falseRej 0 falseAcc 0
errors []
POS 136 falseRej 8 NEG 0 falseAcc 0
