39 letters
غ isolated falseRej 0 falseAcc 0
غ initial falseRej 0 falseAcc 0
غ medial falseRej 0 falseAcc 0
غ final falseRej 4 falseAcc 0
ع isolated falseRej 0 falseAcc 0
ع initial falseRej 0 falseAcc 0
ع medial falseRej 0 falseAcc 0
ع final falseRej 0 falseAcc 0
ح isolated falseRej 0 falseAcc 0
ح initial falseRej 0 falseAcc 0
ح medial falseRej 0 falseAcc 0
ح final falseRej 0 falseAcc 0
ص isolated falseRej 0 falseAcc 0
ص initial falseRej 0 falseAcc 0
ص medial falseRej 0 falseAcc 0
ص final falseRej 0 falseAcc 0
ض isolated falseRej 0 falseAcc 0
ض initial falseRej 0 falseAcc 0
ض medial falseRej 0 falseAcc 0
ض final falseRej 0 falseAcc 0
ط isolated falseRej 4 falseAcc 0
ط initial falseRej 0 falseAcc 0
ط medial falseRej 0 falseAcc 0
ط final falseRej 4 falseAcc 0
ظ isolated falseRej 0 falseAcc 0
ظ initial falseRej 0 falseAcc 0
ظ medial falseRej 0 falseAcc 0
ظ final falseRej 0 falseAcc 0
ذ isolated falseRej 0 falseAcc 0
ذ final falseRej 0 falseAcc 0
ئ isolated falseRej 0 falseAcc 0
ئ initial falseRej 0 falseAcc 0
ئ medial falseRej 0 falseAcc 0
ئ final falseRej 0 falseAcc 0
errors []
POS 136 falseRej 12 NEG 0 falseAcc 0
